// Jest Snapshot v1, https://goo.gl/fbAQLP

exports[`InspectorHomeScreen renders correctly with empty inspections 1`] = `
{
  "children": [
    {
      "children": [
        {
          "children": [
            {
              "children": null,
              "props": {},
              "type": "RCTRefreshControl",
            },
            {
              "children": [
                {
                  "children": [
                    {
                      "children": [
                        {
                          "children": null,
                          "props": {},
                          "type": "TopNavBar",
                        },
                      ],
                      "props": {},
                      "type": "View",
                    },
                    {
                      "children": [
                        {
                          "children": [
                            {
                              "children": [
                                {
                                  "children": [
                                    {
                                      "children": null,
                                      "props": {
                                        "name": "calculator",
                                        "size": 20,
                                      },
                                      "type": "MaterialCommunityIcons",
                                    },
                                    {
                                      "children": [
                                        "Gas Calculator",
                                      ],
                                      "props": {
                                        "style": {
                                          "color": "#007AFF",
                                          "fontSize": 20,
                                          "fontWeight": "600",
                                        },
                                      },
                                      "type": "Text",
                                    },
                                  ],
                                  "props": {
                                    "accessibilityState": {},
                                    "accessibilityValue": {},
                                    "accessible": true,
                                    "collapsable": false,
                                    "focusable": true,
                                    "style": {
                                      "alignItems": "center",
                                      "backgroundColor": "#E3F2FD",
                                      "borderRadius": 4,
                                      "flexDirection": "row",
                                      "gap": 4,
                                      "justifyContent": "center",
                                      "minWidth": 220,
                                      "opacity": 1,
                                      "paddingHorizontal": 12,
                                      "paddingVertical": 12,
                                    },
                                  },
                                  "type": "View",
                                },
                                {
                                  "children": [
                                    {
                                      "children": null,
                                      "props": {
                                        "name": "calculator",
                                        "size": 20,
                                      },
                                      "type": "MaterialCommunityIcons",
                                    },
                                    {
                                      "children": [
                                        "Dry Ice Calculator",
                                      ],
                                      "props": {
                                        "style": "[Circular]",
                                      },
                                      "type": "Text",
                                    },
                                  ],
                                  "props": {
                                    "accessibilityState": {},
                                    "accessibilityValue": {},
                                    "accessible": true,
                                    "collapsable": false,
                                    "focusable": true,
                                    "style": {
                                      "alignItems": "center",
                                      "backgroundColor": "#E3F2FD",
                                      "borderRadius": 4,
                                      "flexDirection": "row",
                                      "gap": 4,
                                      "justifyContent": "center",
                                      "minWidth": 220,
                                      "opacity": 1,
                                      "paddingHorizontal": 12,
                                      "paddingVertical": 12,
                                    },
                                  },
                                  "type": "View",
                                },
                                {
                                  "children": [
                                    {
                                      "children": null,
                                      "props": {
                                        "name": "swap-horizontal",
                                        "size": 20,
                                      },
                                      "type": "MaterialCommunityIcons",
                                    },
                                    {
                                      "children": [
                                        "Unit Converter",
                                      ],
                                      "props": {
                                        "style": "[Circular]",
                                      },
                                      "type": "Text",
                                    },
                                  ],
                                  "props": {
                                    "accessibilityState": {},
                                    "accessibilityValue": {},
                                    "accessible": true,
                                    "collapsable": false,
                                    "focusable": true,
                                    "style": {
                                      "alignItems": "center",
                                      "backgroundColor": "#E3F2FD",
                                      "borderRadius": 4,
                                      "flexDirection": "row",
                                      "gap": 4,
                                      "justifyContent": "center",
                                      "minWidth": 220,
                                      "opacity": 1,
                                      "paddingHorizontal": 12,
                                      "paddingVertical": 12,
                                    },
                                  },
                                  "type": "View",
                                },
                                {
                                  "children": [
                                    {
                                      "children": null,
                                      "props": {
                                        "name": "sign-direction",
                                        "size": 20,
                                      },
                                      "type": "MaterialCommunityIcons",
                                    },
                                    {
                                      "children": [
                                        "Placarding Tool",
                                      ],
                                      "props": {
                                        "style": "[Circular]",
                                      },
                                      "type": "Text",
                                    },
                                  ],
                                  "props": {
                                    "accessibilityState": {},
                                    "accessibilityValue": {},
                                    "accessible": true,
                                    "collapsable": false,
                                    "focusable": true,
                                    "style": {
                                      "alignItems": "center",
                                      "backgroundColor": "#E3F2FD",
                                      "borderRadius": 4,
                                      "flexDirection": "row",
                                      "gap": 4,
                                      "justifyContent": "center",
                                      "minWidth": 220,
                                      "opacity": 1,
                                      "paddingHorizontal": 12,
                                      "paddingVertical": 12,
                                    },
                                  },
                                  "type": "View",
                                },
                                {
                                  "children": [
                                    {
                                      "children": null,
                                      "props": {
                                        "name": "shield-check",
                                        "size": 20,
                                      },
                                      "type": "MaterialCommunityIcons",
                                    },
                                    {
                                      "children": [
                                        "Compatibility/Segregation Tool",
                                      ],
                                      "props": {
                                        "style": "[Circular]",
                                      },
                                      "type": "Text",
                                    },
                                  ],
                                  "props": {
                                    "accessibilityState": {},
                                    "accessibilityValue": {},
                                    "accessible": true,
                                    "collapsable": false,
                                    "focusable": true,
                                    "style": {
                                      "alignItems": "center",
                                      "backgroundColor": "#E3F2FD",
                                      "borderRadius": 4,
                                      "flexDirection": "row",
                                      "gap": 4,
                                      "justifyContent": "center",
                                      "minWidth": 220,
                                      "opacity": 1,
                                      "paddingHorizontal": 12,
                                      "paddingVertical": 12,
                                    },
                                  },
                                  "type": "View",
                                },
                              ],
                              "props": {
                                "style": {
                                  "alignItems": "center",
                                  "flexDirection": "row",
                                  "gap": 8,
                                  "justifyContent": "center",
                                  "marginBottom": 8,
                                  "marginTop": 4,
                                },
                              },
                              "type": "View",
                            },
                            {
                              "children": [
                                {
                                  "children": [
                                    "Inspections",
                                  ],
                                  "props": {
                                    "style": {
                                      "color": "#1D1D1F",
                                      "flex": 1,
                                      "fontSize": 28,
                                      "fontWeight": "bold",
                                      "marginLeft": 8,
                                    },
                                  },
                                  "type": "Text",
                                },
                                {
                                  "children": null,
                                  "props": {
                                    "placeholder": "Search",
                                    "style": {
                                      "borderColor": "#E5E5EA",
                                      "borderRadius": 4,
                                      "borderWidth": 1,
                                      "flex": 1,
                                      "fontSize": 16,
                                      "height": 50,
                                      "marginHorizontal": 8,
                                      "padding": 8,
                                    },
                                    "value": "",
                                  },
                                  "type": "TextInput",
                                },
                                {
                                  "children": [
                                    {
                                      "children": [
                                        "Start New Inspection",
                                      ],
                                      "props": {
                                        "style": {
                                          "color": "#FFFFFF",
                                          "fontSize": 20,
                                          "fontWeight": "bold",
                                        },
                                      },
                                      "type": "Text",
                                    },
                                  ],
                                  "props": {
                                    "accessibilityState": {},
                                    "accessibilityValue": {},
                                    "accessible": true,
                                    "collapsable": false,
                                    "focusable": true,
                                    "style": {
                                      "backgroundColor": "#007AFF",
                                      "borderRadius": 4,
                                      "marginHorizontal": 4,
                                      "opacity": 1,
                                      "paddingHorizontal": 16,
                                      "paddingVertical": 8,
                                    },
                                  },
                                  "type": "View",
                                },
                              ],
                              "props": {
                                "style": {
                                  "alignItems": "center",
                                  "flexDirection": "row",
                                  "marginBottom": 8,
                                },
                              },
                              "type": "View",
                            },
                            {
                              "children": [
                                {
                                  "children": [
                                    "TCN",
                                  ],
                                  "props": {
                                    "style": [
                                      {
                                        "color": "#1D1D1F",
                                        "fontSize": 17,
                                        "fontWeight": "bold",
                                        "textAlign": "center",
                                      },
                                      {
                                        "flex": 1,
                                      },
                                    ],
                                  },
                                  "type": "Text",
                                },
                                {
                                  "children": [
                                    "UN, NA, ID No.",
                                  ],
                                  "props": {
                                    "style": [
                                      "[Circular]",
                                      "[Circular]",
                                    ],
                                  },
                                  "type": "Text",
                                },
                                {
                                  "children": [
                                    "Proper Shipping Name",
                                  ],
                                  "props": {
                                    "style": [
                                      "[Circular]",
                                      "[Circular]",
                                    ],
                                  },
                                  "type": "Text",
                                },
                                {
                                  "children": [
                                    "SDDG",
                                  ],
                                  "props": {
                                    "style": [
                                      "[Circular]",
                                      "[Circular]",
                                    ],
                                  },
                                  "type": "Text",
                                },
                                {
                                  "children": [
                                    "Package",
                                  ],
                                  "props": {
                                    "style": [
                                      "[Circular]",
                                      "[Circular]",
                                    ],
                                  },
                                  "type": "Text",
                                },
                                {
                                  "children": [
                                    "Inspector",
                                  ],
                                  "props": {
                                    "style": [
                                      "[Circular]",
                                      "[Circular]",
                                    ],
                                  },
                                  "type": "Text",
                                },
                                {
                                  "children": [
                                    "View",
                                  ],
                                  "props": {
                                    "style": [
                                      "[Circular]",
                                      "[Circular]",
                                    ],
                                  },
                                  "type": "Text",
                                },
                              ],
                              "props": {
                                "style": {
                                  "alignItems": "center",
                                  "backgroundColor": "#F8F9FA",
                                  "borderBottomColor": "#E5E5EA",
                                  "borderBottomWidth": 1,
                                  "flexDirection": "row",
                                  "padding": 8,
                                  "zIndex": 2,
                                },
                              },
                              "type": "View",
                            },
                          ],
                          "props": {
                            "style": {
                              "backgroundColor": "#FFFFFF",
                              "elevation": 2,
                              "padding": 8,
                              "shadowColor": "#000",
                              "shadowOffset": {
                                "height": 2,
                                "width": 0,
                              },
                              "shadowOpacity": 0.1,
                              "shadowRadius": 4,
                              "width": "100%",
                            },
                          },
                          "type": "View",
                        },
                      ],
                      "props": {
                        "style": {
                          "alignItems": "center",
                          "backgroundColor": "#FFFFFF",
                          "flex": 1,
                        },
                      },
                      "type": "View",
                    },
                  ],
                  "props": {
                    "collapsable": false,
                  },
                  "type": "View",
                },
              ],
              "props": {},
              "type": "View",
            },
          ],
          "props": {
            "data": [],
            "keyboardShouldPersistTaps": "handled",
            "refreshControl": {
              "key": null,
              "props": {
                "refreshing": false,
              },
            },
            "removeClippedSubviews": false,
            "scrollEventThrottle": 0.0001,
            "stickyHeaderIndices": [],
            "viewabilityConfigCallbackPairs": [],
          },
          "type": "RCTScrollView",
        },
        {
          "children": null,
          "props": {
            "style": "auto",
          },
          "type": "StatusBar",
        },
        {
          "children": [
            {
              "children": [
                "Select an Option",
              ],
              "props": {
                "style": {
                  "fontSize": 18,
                  "fontWeight": "bold",
                  "marginBottom": 8,
                },
              },
              "type": "Text",
            },
            {
              "children": [
                {
                  "children": [
                    "📂 SDDG",
                  ],
                  "props": {
                    "style": {
                      "fontSize": 16,
                    },
                  },
                  "type": "Text",
                },
              ],
              "props": {
                "accessibilityState": {},
                "accessibilityValue": {},
                "accessible": true,
                "collapsable": false,
                "focusable": true,
                "style": {
                  "alignItems": "center",
                  "opacity": 1,
                  "padding": 8,
                  "width": "100%",
                },
              },
              "type": "View",
            },
            {
              "children": [
                {
                  "children": [
                    "Package",
                  ],
                  "props": {
                    "style": "[Circular]",
                  },
                  "type": "Text",
                },
              ],
              "props": {
                "accessibilityState": {},
                "accessibilityValue": {},
                "accessible": true,
                "collapsable": false,
                "focusable": true,
                "style": {
                  "alignItems": "center",
                  "opacity": 1,
                  "padding": 8,
                  "width": "100%",
                },
              },
              "type": "View",
            },
            {
              "children": [
                {
                  "children": [
                    "Cancel",
                  ],
                  "props": {
                    "style": {
                      "fontSize": 16,
                      "fontWeight": "bold",
                    },
                  },
                  "type": "Text",
                },
              ],
              "props": {
                "accessibilityState": {},
                "accessibilityValue": {},
                "accessible": true,
                "collapsable": false,
                "focusable": true,
                "style": {
                  "alignItems": "center",
                  "backgroundColor": "#E5E5EA",
                  "borderRadius": 4,
                  "marginTop": 8,
                  "opacity": 1,
                  "padding": 8,
                  "width": "100%",
                },
              },
              "type": "View",
            },
          ],
          "props": {
            "style": {
              "alignItems": "center",
              "backgroundColor": "#FFFFFF",
              "borderTopLeftRadius": 12,
              "borderTopRightRadius": 12,
              "height": "100%",
              "padding": 20,
            },
          },
          "type": "View",
        },
        {
          "children": null,
          "props": {
            "visible": false,
          },
          "type": "GasCalculatorTool",
        },
        {
          "children": null,
          "props": {
            "visible": false,
          },
          "type": "DryIceCalculator",
        },
        {
          "children": null,
          "props": {
            "visible": false,
          },
          "type": "UnitConversionTool",
        },
        {
          "children": null,
          "props": {
            "visible": false,
          },
          "type": "PlacardingTool",
        },
        {
          "children": null,
          "props": {
            "visible": false,
          },
          "type": "CompatibilitySegregationModal",
        },
        {
          "children": [
            {
              "children": [
                "⏱️",
              ],
              "props": {
                "style": {
                  "fontSize": 24,
                },
              },
              "type": "Text",
            },
          ],
          "props": {
            "accessibilityState": {},
            "accessibilityValue": {},
            "accessible": true,
            "collapsable": false,
            "focusable": true,
            "style": {
              "alignItems": "center",
              "backgroundColor": "#6200ee",
              "borderRadius": 25,
              "bottom": 120,
              "elevation": 8,
              "height": 50,
              "justifyContent": "center",
              "opacity": 1,
              "position": "absolute",
              "right": 10,
              "shadowColor": "#000",
              "shadowOffset": {
                "height": 4,
                "width": 0,
              },
              "shadowOpacity": 0.3,
              "shadowRadius": 6,
              "width": 50,
              "zIndex": 9999,
            },
          },
          "type": "View",
        },
      ],
      "props": {
        "style": [
          {
            "flex": 1,
          },
          {
            "paddingBottom": 0,
          },
        ],
      },
      "type": "View",
    },
  ],
  "props": {
    "style": {
      "flex": 1,
    },
    "testID": "gesture-handler-root",
  },
  "type": "View",
}
`;
