// Jest Snapshot v1, https://goo.gl/fbAQLP

exports[`KitPreparationScreen renders correctly 1`] = `
<RCTSafeAreaView
  style={
    {
      "backgroundColor": "#f8f9fa",
      "flex": 1,
    }
  }
>
  <View
    onLayout={[Function]}
    style={
      [
        {
          "flex": 1,
        },
        {
          "paddingBottom": 0,
        },
      ]
    }
  >
    <RCTScrollView
      contentContainerStyle={
        {
          "padding": 16,
          "paddingBottom": 32,
        }
      }
    >
      <View>
        <View
          style={
            {
              "alignItems": "center",
              "marginBottom": 20,
            }
          }
        >
          <Text
            style={
              {
                "color": "#212529",
                "fontSize": 22,
                "fontWeight": "bold",
                "textAlign": "center",
              }
            }
          >
            CHEMICAL KIT
             Preparation
          </Text>
          <Text
            style={
              {
                "color": "#6c757d",
                "fontSize": 16,
                "marginTop": 4,
              }
            }
          >
            UN3316 - AFMAN 24-604 §A19.2
          </Text>
          <View
            style={
              {
                "backgroundColor": "#fff",
                "borderRadius": 8,
                "marginBottom": 16,
                "padding": 12,
              }
            }
          >
            <Text
              style={
                {
                  "color": "#212529",
                  "fontSize": 14,
                }
              }
            >
              Kit Type: 
              <Text
                style={
                  {
                    "fontWeight": "bold",
                  }
                }
              >
                CHEMICAL KIT
              </Text>
            </Text>
          </View>
        </View>
        <View
          style={
            {
              "backgroundColor": "white",
              "borderRadius": 10,
              "elevation": 5,
              "marginBottom": 16,
              "padding": 16,
              "shadowColor": "#000",
              "shadowOffset": {
                "height": 2,
                "width": 0,
              },
              "shadowOpacity": 0.05,
              "shadowRadius": 3.84,
            }
          }
        >
          <Text
            style={
              {
                "color": "#212529",
                "fontSize": 18,
                "fontWeight": "bold",
                "marginBottom": 8,
              }
            }
          >
            Kit Contents
          </Text>
          <Text
            style={
              {
                "color": "#6c757d",
                "fontSize": 14,
                "marginBottom": 16,
              }
            }
          >
            List all hazardous substances contained in this kit.
          </Text>
          <View
            style={
              {
                "alignItems": "center",
                "padding": 16,
              }
            }
          >
            <Text
              style={
                {
                  "color": "#6c757d",
                  "fontSize": 14,
                }
              }
            >
              No substances added yet. Add at least one substance.
            </Text>
          </View>
          <View
            accessibilityState={
              {
                "busy": undefined,
                "checked": undefined,
                "disabled": undefined,
                "expanded": undefined,
                "selected": undefined,
              }
            }
            accessibilityValue={
              {
                "max": undefined,
                "min": undefined,
                "now": undefined,
                "text": undefined,
              }
            }
            accessible={true}
            collapsable={false}
            focusable={true}
            onClick={[Function]}
            onResponderGrant={[Function]}
            onResponderMove={[Function]}
            onResponderRelease={[Function]}
            onResponderTerminate={[Function]}
            onResponderTerminationRequest={[Function]}
            onStartShouldSetResponder={[Function]}
            style={
              {
                "alignItems": "center",
                "alignSelf": "flex-start",
                "backgroundColor": "#28a745",
                "borderRadius": 6,
                "flexDirection": "row",
                "justifyContent": "center",
                "marginBottom": 16,
                "opacity": 1,
                "paddingHorizontal": 16,
                "paddingVertical": 10,
              }
            }
          >
            <View
              color="#fff"
              name="add"
              size={20}
              testID="icon-add"
            />
            <Text
              style={
                {
                  "color": "#fff",
                  "fontSize": 14,
                  "fontWeight": "600",
                  "marginLeft": 8,
                }
              }
            >
              Add Substance
            </Text>
          </View>
        </View>
        <View
          style={
            {
              "backgroundColor": "#e9ecef",
              "height": 1,
              "marginVertical": 16,
            }
          }
        />
        <Text
          style={
            {
              "color": "#212529",
              "fontSize": 18,
              "fontWeight": "bold",
              "marginBottom": 8,
            }
          }
        >
          Outer Packaging
        </Text>
        <View
          style={
            {
              "marginBottom": 16,
            }
          }
        >
          <Text
            style={
              {
                "color": "#495057",
                "fontSize": 14,
                "fontWeight": "500",
                "marginBottom": 8,
              }
            }
          >
            Packaging Type 
            <Text
              style={
                {
                  "color": "#dc3545",
                }
              }
            >
              *
            </Text>
          </Text>
          <View
            style={
              {
                "backgroundColor": "#fff",
                "borderColor": "#ced4da",
                "borderRadius": 6,
                "borderWidth": 1,
                "overflow": "hidden",
              }
            }
          >
            <View
              style={
                {
                  "height": 50,
                  "width": "100%",
                }
              }
              testID="mock-Picker"
            >
              <Text>
                4G
              </Text>
              <View
                testID="picker-item-4A"
              >
                <Text>
                  Steel box (4A)
                </Text>
              </View>
              <View
                testID="picker-item-4B"
              >
                <Text>
                  Aluminum box (4B)
                </Text>
              </View>
              <View
                testID="picker-item-4C1"
              >
                <Text>
                  Natural wood box (4C1)
                </Text>
              </View>
              <View
                testID="picker-item-4C2"
              >
                <Text>
                  Sift-proof wood box (4C2)
                </Text>
              </View>
              <View
                testID="picker-item-4D"
              >
                <Text>
                  Plywood box (4D)
                </Text>
              </View>
              <View
                testID="picker-item-4F"
              >
                <Text>
                  Reconstituted wood box (4F)
                </Text>
              </View>
              <View
                testID="picker-item-4G"
              >
                <Text>
                  Fiberboard box (4G)
                </Text>
              </View>
              <View
                testID="picker-item-4H1"
              >
                <Text>
                  Expanded plastic box (4H1)
                </Text>
              </View>
              <View
                testID="picker-item-4H2"
              >
                <Text>
                  Solid plastic box (4H2)
                </Text>
              </View>
            </View>
          </View>
        </View>
        <View
          style={
            {
              "marginBottom": 16,
            }
          }
        >
          <View
            accessibilityState={
              {
                "busy": undefined,
                "checked": undefined,
                "disabled": undefined,
                "expanded": undefined,
                "selected": undefined,
              }
            }
            accessibilityValue={
              {
                "max": undefined,
                "min": undefined,
                "now": undefined,
                "text": undefined,
              }
            }
            accessible={true}
            collapsable={false}
            focusable={true}
            onClick={[Function]}
            onResponderGrant={[Function]}
            onResponderMove={[Function]}
            onResponderRelease={[Function]}
            onResponderTerminate={[Function]}
            onResponderTerminationRequest={[Function]}
            onStartShouldSetResponder={[Function]}
            style={
              {
                "alignItems": "center",
                "flexDirection": "row",
                "opacity": 1,
              }
            }
          >
            <View
              style={
                {
                  "marginRight": 12,
                }
              }
            >
              <View
                style={
                  [
                    {
                      "backgroundColor": "#e9ecef",
                      "borderRadius": 12,
                      "height": 24,
                      "padding": 2,
                      "width": 44,
                    },
                    {},
                  ]
                }
              >
                <View
                  style={
                    [
                      {
                        "backgroundColor": "#fff",
                        "borderRadius": 10,
                        "height": 20,
                        "width": 20,
                      },
                      {},
                    ]
                  }
                />
              </View>
            </View>
            <Text
              style={
                {
                  "color": "#212529",
                  "fontSize": 16,
                }
              }
            >
              Kit uses multiple containers
            </Text>
          </View>
        </View>
        <View
          style={
            {
              "backgroundColor": "#e9ecef",
              "height": 1,
              "marginVertical": 16,
            }
          }
        />
        <Text
          style={
            {
              "color": "#212529",
              "fontSize": 18,
              "fontWeight": "bold",
              "marginBottom": 8,
            }
          }
        >
          Safety Checklist
        </Text>
        <Text
          style={
            {
              "color": "#6c757d",
              "fontSize": 14,
              "marginBottom": 16,
            }
          }
        >
          All items must be acknowledged before proceeding.
        </Text>
        <View
          style={
            {
              "marginTop": 8,
            }
          }
        >
          <View
            accessibilityState={
              {
                "busy": undefined,
                "checked": undefined,
                "disabled": undefined,
                "expanded": undefined,
                "selected": undefined,
              }
            }
            accessibilityValue={
              {
                "max": undefined,
                "min": undefined,
                "now": undefined,
                "text": undefined,
              }
            }
            accessible={true}
            collapsable={false}
            focusable={true}
            onClick={[Function]}
            onResponderGrant={[Function]}
            onResponderMove={[Function]}
            onResponderRelease={[Function]}
            onResponderTerminate={[Function]}
            onResponderTerminationRequest={[Function]}
            onStartShouldSetResponder={[Function]}
            style={
              {
                "alignItems": "flex-start",
                "flexDirection": "row",
                "marginBottom": 12,
                "opacity": 1,
                "paddingRight": 16,
              }
            }
          >
            <View
              style={
                {
                  "marginRight": 12,
                  "marginTop": 2,
                }
              }
            >
              <View
                style={
                  {
                    "alignItems": "center",
                    "borderColor": "#007bff",
                    "borderRadius": 4,
                    "borderWidth": 2,
                    "height": 20,
                    "justifyContent": "center",
                    "width": 20,
                  }
                }
              />
            </View>
            <Text
              style={
                {
                  "color": "#212529",
                  "flex": 1,
                  "fontSize": 14,
                  "lineHeight": 20,
                }
              }
            >
              I confirm the most stringent Packing Group is used across all kit contents.
            </Text>
          </View>
          <View
            accessibilityState={
              {
                "busy": undefined,
                "checked": undefined,
                "disabled": undefined,
                "expanded": undefined,
                "selected": undefined,
              }
            }
            accessibilityValue={
              {
                "max": undefined,
                "min": undefined,
                "now": undefined,
                "text": undefined,
              }
            }
            accessible={true}
            collapsable={false}
            focusable={true}
            onClick={[Function]}
            onResponderGrant={[Function]}
            onResponderMove={[Function]}
            onResponderRelease={[Function]}
            onResponderTerminate={[Function]}
            onResponderTerminationRequest={[Function]}
            onStartShouldSetResponder={[Function]}
            style={
              {
                "alignItems": "flex-start",
                "flexDirection": "row",
                "marginBottom": 12,
                "opacity": 1,
                "paddingRight": 16,
              }
            }
          >
            <View
              style={
                {
                  "marginRight": 12,
                  "marginTop": 2,
                }
              }
            >
              <View
                style={
                  {
                    "alignItems": "center",
                    "borderColor": "#007bff",
                    "borderRadius": 4,
                    "borderWidth": 2,
                    "height": 20,
                    "justifyContent": "center",
                    "width": 20,
                  }
                }
              />
            </View>
            <Text
              style={
                {
                  "color": "#212529",
                  "flex": 1,
                  "fontSize": 14,
                  "lineHeight": 20,
                }
              }
            >
              I confirm contents will not react to generate heat or gas if mixed.
            </Text>
          </View>
          <View
            accessibilityState={
              {
                "busy": undefined,
                "checked": undefined,
                "disabled": undefined,
                "expanded": undefined,
                "selected": undefined,
              }
            }
            accessibilityValue={
              {
                "max": undefined,
                "min": undefined,
                "now": undefined,
                "text": undefined,
              }
            }
            accessible={true}
            collapsable={false}
            focusable={true}
            onClick={[Function]}
            onResponderGrant={[Function]}
            onResponderMove={[Function]}
            onResponderRelease={[Function]}
            onResponderTerminate={[Function]}
            onResponderTerminationRequest={[Function]}
            onStartShouldSetResponder={[Function]}
            style={
              {
                "alignItems": "flex-start",
                "flexDirection": "row",
                "marginBottom": 12,
                "opacity": 1,
                "paddingRight": 16,
              }
            }
          >
            <View
              style={
                {
                  "marginRight": 12,
                  "marginTop": 2,
                }
              }
            >
              <View
                style={
                  {
                    "alignItems": "center",
                    "borderColor": "#007bff",
                    "borderRadius": 4,
                    "borderWidth": 2,
                    "height": 20,
                    "justifyContent": "center",
                    "width": 20,
                  }
                }
              />
            </View>
            <Text
              style={
                {
                  "color": "#212529",
                  "flex": 1,
                  "fontSize": 14,
                  "lineHeight": 20,
                }
              }
            >
              I confirm all substances are authorized as Limited or Excepted Quantities.
            </Text>
          </View>
          <View
            accessibilityState={
              {
                "busy": undefined,
                "checked": undefined,
                "disabled": undefined,
                "expanded": undefined,
                "selected": undefined,
              }
            }
            accessibilityValue={
              {
                "max": undefined,
                "min": undefined,
                "now": undefined,
                "text": undefined,
              }
            }
            accessible={true}
            collapsable={false}
            focusable={true}
            onClick={[Function]}
            onResponderGrant={[Function]}
            onResponderMove={[Function]}
            onResponderRelease={[Function]}
            onResponderTerminate={[Function]}
            onResponderTerminationRequest={[Function]}
            onStartShouldSetResponder={[Function]}
            style={
              {
                "alignItems": "flex-start",
                "flexDirection": "row",
                "marginBottom": 12,
                "opacity": 1,
                "paddingRight": 16,
              }
            }
          >
            <View
              style={
                {
                  "marginRight": 12,
                  "marginTop": 2,
                }
              }
            >
              <View
                style={
                  {
                    "alignItems": "center",
                    "borderColor": "#007bff",
                    "borderRadius": 4,
                    "borderWidth": 2,
                    "height": 20,
                    "justifyContent": "center",
                    "width": 20,
                  }
                }
              />
            </View>
            <Text
              style={
                {
                  "color": "#212529",
                  "flex": 1,
                  "fontSize": 14,
                  "lineHeight": 20,
                }
              }
            >
              I confirm each receptacle complies with maximum volume/mass limits.
            </Text>
          </View>
          <View
            accessibilityState={
              {
                "busy": undefined,
                "checked": undefined,
                "disabled": undefined,
                "expanded": undefined,
                "selected": undefined,
              }
            }
            accessibilityValue={
              {
                "max": undefined,
                "min": undefined,
                "now": undefined,
                "text": undefined,
              }
            }
            accessible={true}
            collapsable={false}
            focusable={true}
            onClick={[Function]}
            onResponderGrant={[Function]}
            onResponderMove={[Function]}
            onResponderRelease={[Function]}
            onResponderTerminate={[Function]}
            onResponderTerminationRequest={[Function]}
            onStartShouldSetResponder={[Function]}
            style={
              {
                "alignItems": "flex-start",
                "flexDirection": "row",
                "marginBottom": 12,
                "opacity": 1,
                "paddingRight": 16,
              }
            }
          >
            <View
              style={
                {
                  "marginRight": 12,
                  "marginTop": 2,
                }
              }
            >
              <View
                style={
                  {
                    "alignItems": "center",
                    "borderColor": "#007bff",
                    "borderRadius": 4,
                    "borderWidth": 2,
                    "height": 20,
                    "justifyContent": "center",
                    "width": 20,
                  }
                }
              />
            </View>
            <Text
              style={
                {
                  "color": "#212529",
                  "flex": 1,
                  "fontSize": 14,
                  "lineHeight": 20,
                }
              }
            >
              I confirm the kit complies with maximum aggregate mass/volume requirements.
            </Text>
          </View>
        </View>
      </View>
    </RCTScrollView>
    <View
      style={
        {
          "backgroundColor": "#ffffff",
          "borderTopColor": "#e9ecef",
          "borderTopWidth": 1,
          "flexDirection": "row",
          "justifyContent": "space-between",
          "padding": 16,
        }
      }
    >
      <View
        accessibilityState={
          {
            "busy": undefined,
            "checked": undefined,
            "disabled": undefined,
            "expanded": undefined,
            "selected": undefined,
          }
        }
        accessibilityValue={
          {
            "max": undefined,
            "min": undefined,
            "now": undefined,
            "text": undefined,
          }
        }
        accessible={true}
        collapsable={false}
        focusable={true}
        onClick={[Function]}
        onResponderGrant={[Function]}
        onResponderMove={[Function]}
        onResponderRelease={[Function]}
        onResponderTerminate={[Function]}
        onResponderTerminationRequest={[Function]}
        onStartShouldSetResponder={[Function]}
        style={
          {
            "alignItems": "center",
            "borderColor": "#007bff",
            "borderRadius": 4,
            "borderWidth": 1,
            "flex": 1,
            "marginRight": 8,
            "opacity": 1,
            "paddingVertical": 12,
          }
        }
      >
        <Text
          style={
            {
              "color": "#007bff",
              "fontSize": 16,
              "fontWeight": "600",
            }
          }
        >
          Cancel
        </Text>
      </View>
      <View
        accessibilityState={
          {
            "busy": undefined,
            "checked": undefined,
            "disabled": undefined,
            "expanded": undefined,
            "selected": undefined,
          }
        }
        accessibilityValue={
          {
            "max": undefined,
            "min": undefined,
            "now": undefined,
            "text": undefined,
          }
        }
        accessible={true}
        collapsable={false}
        focusable={true}
        onClick={[Function]}
        onResponderGrant={[Function]}
        onResponderMove={[Function]}
        onResponderRelease={[Function]}
        onResponderTerminate={[Function]}
        onResponderTerminationRequest={[Function]}
        onStartShouldSetResponder={[Function]}
        style={
          {
            "alignItems": "center",
            "backgroundColor": "#6c757d",
            "borderRadius": 4,
            "flex": 1,
            "marginHorizontal": 8,
            "opacity": 1,
            "paddingVertical": 12,
          }
        }
      >
        <Text
          style={
            {
              "color": "#fff",
              "fontSize": 16,
              "fontWeight": "600",
            }
          }
        >
          Save & Exit
        </Text>
      </View>
      <View
        accessibilityState={
          {
            "busy": undefined,
            "checked": undefined,
            "disabled": true,
            "expanded": undefined,
            "selected": undefined,
          }
        }
        accessibilityValue={
          {
            "max": undefined,
            "min": undefined,
            "now": undefined,
            "text": undefined,
          }
        }
        accessible={true}
        collapsable={false}
        focusable={false}
        onClick={[Function]}
        onResponderGrant={[Function]}
        onResponderMove={[Function]}
        onResponderRelease={[Function]}
        onResponderTerminate={[Function]}
        onResponderTerminationRequest={[Function]}
        onStartShouldSetResponder={[Function]}
        style={
          {
            "alignItems": "center",
            "backgroundColor": "#6c757d",
            "borderRadius": 4,
            "flex": 1,
            "marginLeft": 8,
            "opacity": 0.65,
            "paddingVertical": 12,
          }
        }
      >
        <Text
          style={
            {
              "color": "#fff",
              "fontSize": 16,
              "fontWeight": "600",
            }
          }
        >
          Save & Continue
        </Text>
      </View>
    </View>
  </View>
</RCTSafeAreaView>
`;
