// Jest Snapshot v1, https://goo.gl/fbAQLP

exports[`PreparerHomeScreen renders correctly with empty shipments 1`] = `
{
  "hasCreateButton": true,
  "hasSearchInput": true,
  "hasTopNavBar": true,
  "tableHeaders": {
    "classDiv": true,
    "pod": true,
    "poe": true,
    "signatory": true,
    "status": true,
    "tcn": true,
    "unId": true,
  },
  "toolButtons": {
    "compatibilityTool": true,
    "dryIceCalculator": true,
    "gasCalculator": true,
    "placardingTool": true,
    "unitConverter": true,
  },
}
`;
