// Jest Snapshot v1, https://goo.gl/fbAQLP

exports[`ShipmentCreationScreen renders correctly 1`] = `
<View
  onLayout={[Function]}
  style={
    [
      {
        "backgroundColor": "#f8f9fa",
        "flex": 1,
      },
      {
        "paddingBottom": 0,
      },
    ]
  }
>
  <RCTScrollView
    contentContainerStyle={
      {
        "padding": 16,
        "paddingBottom": 30,
      }
    }
    style={
      {
        "flex": 1,
      }
    }
  >
    <View>
      <View
        style={
          {
            "alignItems": "center",
            "marginBottom": 16,
          }
        }
      >
        <Text
          style={
            {
              "color": "#0b2e59",
              "fontSize": 22,
              "fontWeight": "bold",
              "marginBottom": 12,
              "textAlign": "center",
            }
          }
        >
          Create New Shipment
        </Text>
      </View>
      <View
        style={
          [
            {
              "backgroundColor": "#f8f9fa",
              "marginBottom": 0,
              "paddingHorizontal": 0,
              "paddingVertical": 12,
            },
            {
              "borderBottomColor": "#ced4da",
              "borderBottomWidth": 1,
            },
            {},
          ]
        }
      >
        <Text
          style={
            {
              "color": "#0b2e59",
              "fontSize": 18,
              "fontWeight": "bold",
              "marginBottom": 12,
            }
          }
        >
          Shipment Information
        </Text>
        <View
          style={
            [
              {
                "flexDirection": "row",
                "flexWrap": "wrap",
                "marginBottom": 14,
              },
              {
                "marginBottom": 14,
              },
            ]
          }
        >
          <View
            style={
              [
                {
                  "marginHorizontal": 4,
                },
                {
                  "flex": 1,
                },
                {},
              ]
            }
          >
            <Text
              style={
                {
                  "color": "#333",
                  "fontSize": 15,
                  "fontWeight": "500",
                  "marginBottom": 6,
                }
              }
            >
              TCN
               
              <Text
                style={
                  {
                    "color": "#cc0000",
                  }
                }
              >
                *
              </Text>
            </Text>
            <TextInput
              keyboardType="default"
              maxLength={17}
              onBlur={[Function]}
              onChangeText={[Function]}
              onSubmitEditing={[Function]}
              placeholder="17 digits"
              placeholderTextColor="#999"
              returnKeyType="next"
              style={
                [
                  {
                    "backgroundColor": "#fff",
                    "borderColor": "#ced4da",
                    "borderRadius": 4,
                    "borderWidth": 1,
                    "color": "#333",
                    "fontSize": 15,
                    "height": 42,
                    "minWidth": 100,
                    "paddingHorizontal": 10,
                  },
                  null,
                  null,
                ]
              }
              submitBehavior="submit"
              value=""
            />
          </View>
        </View>
        <View
          style={
            [
              {
                "flexDirection": "row",
                "flexWrap": "wrap",
                "marginBottom": 14,
              },
              {
                "marginBottom": 14,
              },
            ]
          }
        >
          <View
            style={
              [
                {
                  "marginHorizontal": 4,
                },
                {
                  "flex": 1,
                },
                {},
              ]
            }
          >
            <Text
              style={
                {
                  "color": "#333",
                  "fontSize": 15,
                  "fontWeight": "500",
                  "marginBottom": 6,
                }
              }
            >
              Port of Embarkation (POE)
               
              <Text
                style={
                  {
                    "color": "#cc0000",
                  }
                }
              >
                *
              </Text>
            </Text>
            <View
              style={
                {
                  "flexDirection": "row",
                  "flexWrap": "wrap",
                }
              }
            >
              <View
                accessibilityState={
                  {
                    "busy": undefined,
                    "checked": undefined,
                    "disabled": undefined,
                    "expanded": undefined,
                    "selected": undefined,
                  }
                }
                accessibilityValue={
                  {
                    "max": undefined,
                    "min": undefined,
                    "now": undefined,
                    "text": undefined,
                  }
                }
                accessible={true}
                collapsable={false}
                focusable={true}
                onClick={[Function]}
                onResponderGrant={[Function]}
                onResponderMove={[Function]}
                onResponderRelease={[Function]}
                onResponderTerminate={[Function]}
                onResponderTerminationRequest={[Function]}
                onStartShouldSetResponder={[Function]}
                style={
                  {
                    "alignItems": "center",
                    "flexDirection": "row",
                    "height": 40,
                    "marginBottom": 6,
                    "marginRight": 20,
                    "minWidth": 120,
                    "opacity": 1,
                  }
                }
              >
                <View
                  style={
                    {
                      "alignItems": "center",
                      "borderColor": "#0066cc",
                      "borderRadius": 10,
                      "borderWidth": 2,
                      "height": 20,
                      "justifyContent": "center",
                      "marginRight": 8,
                      "width": 20,
                    }
                  }
                />
                <Text
                  style={
                    {
                      "color": "#333",
                      "fontSize": 15,
                    }
                  }
                >
                  Channel
                </Text>
              </View>
              <View
                accessibilityState={
                  {
                    "busy": undefined,
                    "checked": undefined,
                    "disabled": undefined,
                    "expanded": undefined,
                    "selected": undefined,
                  }
                }
                accessibilityValue={
                  {
                    "max": undefined,
                    "min": undefined,
                    "now": undefined,
                    "text": undefined,
                  }
                }
                accessible={true}
                collapsable={false}
                focusable={true}
                onClick={[Function]}
                onResponderGrant={[Function]}
                onResponderMove={[Function]}
                onResponderRelease={[Function]}
                onResponderTerminate={[Function]}
                onResponderTerminationRequest={[Function]}
                onStartShouldSetResponder={[Function]}
                style={
                  {
                    "alignItems": "center",
                    "flexDirection": "row",
                    "height": 40,
                    "marginBottom": 6,
                    "marginRight": 20,
                    "minWidth": 120,
                    "opacity": 1,
                  }
                }
              >
                <View
                  style={
                    {
                      "alignItems": "center",
                      "borderColor": "#0066cc",
                      "borderRadius": 10,
                      "borderWidth": 2,
                      "height": 20,
                      "justifyContent": "center",
                      "marginRight": 8,
                      "width": 20,
                    }
                  }
                />
                <Text
                  style={
                    {
                      "color": "#333",
                      "fontSize": 15,
                    }
                  }
                >
                  Worldwide Mobility
                </Text>
              </View>
            </View>
          </View>
          <View
            style={
              [
                {
                  "marginHorizontal": 4,
                },
                {
                  "flex": 1,
                },
                {},
              ]
            }
          >
            <Text
              style={
                {
                  "color": "#333",
                  "fontSize": 15,
                  "fontWeight": "500",
                  "marginBottom": 6,
                }
              }
            >
              Port of Debarkation (POD)
               
              <Text
                style={
                  {
                    "color": "#cc0000",
                  }
                }
              >
                *
              </Text>
            </Text>
            <View
              style={
                {
                  "flexDirection": "row",
                  "flexWrap": "wrap",
                }
              }
            >
              <View
                accessibilityState={
                  {
                    "busy": undefined,
                    "checked": undefined,
                    "disabled": undefined,
                    "expanded": undefined,
                    "selected": undefined,
                  }
                }
                accessibilityValue={
                  {
                    "max": undefined,
                    "min": undefined,
                    "now": undefined,
                    "text": undefined,
                  }
                }
                accessible={true}
                collapsable={false}
                focusable={true}
                onClick={[Function]}
                onResponderGrant={[Function]}
                onResponderMove={[Function]}
                onResponderRelease={[Function]}
                onResponderTerminate={[Function]}
                onResponderTerminationRequest={[Function]}
                onStartShouldSetResponder={[Function]}
                style={
                  {
                    "alignItems": "center",
                    "flexDirection": "row",
                    "height": 40,
                    "marginBottom": 6,
                    "marginRight": 20,
                    "minWidth": 120,
                    "opacity": 1,
                  }
                }
              >
                <View
                  style={
                    {
                      "alignItems": "center",
                      "borderColor": "#0066cc",
                      "borderRadius": 10,
                      "borderWidth": 2,
                      "height": 20,
                      "justifyContent": "center",
                      "marginRight": 8,
                      "width": 20,
                    }
                  }
                />
                <Text
                  style={
                    {
                      "color": "#333",
                      "fontSize": 15,
                    }
                  }
                >
                  Channel
                </Text>
              </View>
              <View
                accessibilityState={
                  {
                    "busy": undefined,
                    "checked": undefined,
                    "disabled": undefined,
                    "expanded": undefined,
                    "selected": undefined,
                  }
                }
                accessibilityValue={
                  {
                    "max": undefined,
                    "min": undefined,
                    "now": undefined,
                    "text": undefined,
                  }
                }
                accessible={true}
                collapsable={false}
                focusable={true}
                onClick={[Function]}
                onResponderGrant={[Function]}
                onResponderMove={[Function]}
                onResponderRelease={[Function]}
                onResponderTerminate={[Function]}
                onResponderTerminationRequest={[Function]}
                onStartShouldSetResponder={[Function]}
                style={
                  {
                    "alignItems": "center",
                    "flexDirection": "row",
                    "height": 40,
                    "marginBottom": 6,
                    "marginRight": 20,
                    "minWidth": 120,
                    "opacity": 1,
                  }
                }
              >
                <View
                  style={
                    {
                      "alignItems": "center",
                      "borderColor": "#0066cc",
                      "borderRadius": 10,
                      "borderWidth": 2,
                      "height": 20,
                      "justifyContent": "center",
                      "marginRight": 8,
                      "width": 20,
                    }
                  }
                />
                <Text
                  style={
                    {
                      "color": "#333",
                      "fontSize": 15,
                    }
                  }
                >
                  Worldwide Mobility
                </Text>
              </View>
            </View>
          </View>
        </View>
        <View
          style={
            [
              {
                "flexDirection": "row",
                "flexWrap": "wrap",
                "marginBottom": 14,
              },
              {
                "marginBottom": 14,
              },
            ]
          }
        >
          <View
            style={
              [
                {
                  "marginHorizontal": 4,
                },
                {
                  "flex": 1,
                },
                {},
              ]
            }
          >
            <Text
              style={
                {
                  "color": "#333",
                  "fontSize": 15,
                  "fontWeight": "500",
                  "marginBottom": 6,
                }
              }
            >
              Is this shipment moving under the authority of Chapter 3?
               
              <Text
                style={
                  {
                    "color": "#cc0000",
                  }
                }
              >
                *
              </Text>
            </Text>
            <View
              style={
                {
                  "flexDirection": "row",
                  "flexWrap": "wrap",
                }
              }
            >
              <View
                accessibilityState={
                  {
                    "busy": undefined,
                    "checked": undefined,
                    "disabled": undefined,
                    "expanded": undefined,
                    "selected": undefined,
                  }
                }
                accessibilityValue={
                  {
                    "max": undefined,
                    "min": undefined,
                    "now": undefined,
                    "text": undefined,
                  }
                }
                accessible={true}
                collapsable={false}
                focusable={true}
                onClick={[Function]}
                onResponderGrant={[Function]}
                onResponderMove={[Function]}
                onResponderRelease={[Function]}
                onResponderTerminate={[Function]}
                onResponderTerminationRequest={[Function]}
                onStartShouldSetResponder={[Function]}
                style={
                  {
                    "alignItems": "center",
                    "flexDirection": "row",
                    "height": 40,
                    "marginBottom": 6,
                    "marginRight": 20,
                    "minWidth": 120,
                    "opacity": 1,
                  }
                }
              >
                <View
                  style={
                    {
                      "alignItems": "center",
                      "borderColor": "#0066cc",
                      "borderRadius": 10,
                      "borderWidth": 2,
                      "height": 20,
                      "justifyContent": "center",
                      "marginRight": 8,
                      "width": 20,
                    }
                  }
                />
                <Text
                  style={
                    {
                      "color": "#333",
                      "fontSize": 15,
                    }
                  }
                >
                  Yes
                </Text>
              </View>
              <View
                accessibilityState={
                  {
                    "busy": undefined,
                    "checked": undefined,
                    "disabled": undefined,
                    "expanded": undefined,
                    "selected": undefined,
                  }
                }
                accessibilityValue={
                  {
                    "max": undefined,
                    "min": undefined,
                    "now": undefined,
                    "text": undefined,
                  }
                }
                accessible={true}
                collapsable={false}
                focusable={true}
                onClick={[Function]}
                onResponderGrant={[Function]}
                onResponderMove={[Function]}
                onResponderRelease={[Function]}
                onResponderTerminate={[Function]}
                onResponderTerminationRequest={[Function]}
                onStartShouldSetResponder={[Function]}
                style={
                  {
                    "alignItems": "center",
                    "flexDirection": "row",
                    "height": 40,
                    "marginBottom": 6,
                    "marginRight": 20,
                    "minWidth": 120,
                    "opacity": 1,
                  }
                }
              >
                <View
                  style={
                    {
                      "alignItems": "center",
                      "borderColor": "#0066cc",
                      "borderRadius": 10,
                      "borderWidth": 2,
                      "height": 20,
                      "justifyContent": "center",
                      "marginRight": 8,
                      "width": 20,
                    }
                  }
                />
                <Text
                  style={
                    {
                      "color": "#333",
                      "fontSize": 15,
                    }
                  }
                >
                  No
                </Text>
              </View>
            </View>
          </View>
        </View>
      </View>
      <View
        style={
          [
            {
              "backgroundColor": "#f8f9fa",
              "marginBottom": 0,
              "paddingHorizontal": 0,
              "paddingVertical": 12,
            },
            false,
            {},
          ]
        }
      >
        <Text
          style={
            {
              "color": "#0b2e59",
              "fontSize": 18,
              "fontWeight": "bold",
              "marginBottom": 12,
            }
          }
        >
          Preparer Information
        </Text>
        <View
          style={
            [
              {
                "flexDirection": "row",
                "flexWrap": "wrap",
                "marginBottom": 14,
              },
              {
                "marginBottom": 14,
              },
            ]
          }
        >
          <View
            style={
              [
                {
                  "marginHorizontal": 4,
                },
                {
                  "flex": 1,
                },
                {},
              ]
            }
          >
            <Text
              style={
                {
                  "color": "#333",
                  "fontSize": 15,
                  "fontWeight": "500",
                  "marginBottom": 6,
                }
              }
            >
              Preparer Name
               
              <Text
                style={
                  {
                    "color": "#cc0000",
                  }
                }
              >
                *
              </Text>
            </Text>
            <TextInput
              editable={false}
              onBlur={[Function]}
              onChangeText={[Function]}
              onSubmitEditing={[Function]}
              placeholder="Enter preparer name"
              placeholderTextColor="#999"
              returnKeyType="next"
              style={
                {
                  "backgroundColor": "#e9ecef",
                  "color": "#6c757d",
                }
              }
              submitBehavior="submit"
              value=""
            />
          </View>
          <View
            style={
              [
                {
                  "marginHorizontal": 4,
                },
                {
                  "flex": 1,
                },
                {},
              ]
            }
          >
            <Text
              style={
                {
                  "color": "#333",
                  "fontSize": 15,
                  "fontWeight": "500",
                  "marginBottom": 6,
                }
              }
            >
              Preparer Rank (optional)
               
            </Text>
            <TextInput
              editable={false}
              onChangeText={[Function]}
              onSubmitEditing={[Function]}
              placeholder="Enter rank (if applicable)"
              placeholderTextColor="#999"
              returnKeyType="next"
              style={
                {
                  "backgroundColor": "#e9ecef",
                  "color": "#6c757d",
                }
              }
              submitBehavior="submit"
              value=""
            />
          </View>
          <View
            style={
              [
                {
                  "marginHorizontal": 4,
                },
                {
                  "flex": 1,
                },
                {},
              ]
            }
          >
            <Text
              style={
                {
                  "color": "#333",
                  "fontSize": 15,
                  "fontWeight": "500",
                  "marginBottom": 6,
                }
              }
            >
              Preparer Title
               
              <Text
                style={
                  {
                    "color": "#cc0000",
                  }
                }
              >
                *
              </Text>
            </Text>
            <TextInput
              editable={false}
              onBlur={[Function]}
              onChangeText={[Function]}
              onSubmitEditing={[Function]}
              placeholder="Enter title"
              placeholderTextColor="#999"
              returnKeyType="next"
              style={
                {
                  "backgroundColor": "#e9ecef",
                  "color": "#6c757d",
                }
              }
              submitBehavior="submit"
              value=""
            />
          </View>
        </View>
        <View
          style={
            [
              {
                "flexDirection": "row",
                "flexWrap": "wrap",
                "marginBottom": 14,
              },
              null,
            ]
          }
        >
          <View
            style={
              [
                {
                  "marginHorizontal": 4,
                },
                {
                  "flex": 2,
                },
                {},
              ]
            }
          >
            <Text
              style={
                {
                  "color": "#333",
                  "fontSize": 15,
                  "fontWeight": "500",
                  "marginBottom": 6,
                }
              }
            >
              Certification Place
               
              <Text
                style={
                  {
                    "color": "#cc0000",
                  }
                }
              >
                *
              </Text>
            </Text>
            <TextInput
              onBlur={[Function]}
              onChangeText={[Function]}
              onSubmitEditing={[Function]}
              placeholder="Enter certification place"
              placeholderTextColor="#999"
              returnKeyType="next"
              style={
                [
                  {
                    "backgroundColor": "#fff",
                    "borderColor": "#ced4da",
                    "borderRadius": 4,
                    "borderWidth": 1,
                    "color": "#333",
                    "fontSize": 15,
                    "height": 42,
                    "minWidth": 100,
                    "paddingHorizontal": 10,
                  },
                  null,
                  null,
                ]
              }
              submitBehavior="submit"
              value=""
            />
          </View>
          <View
            style={
              [
                {
                  "marginHorizontal": 4,
                },
                {
                  "flex": 1,
                },
                {},
              ]
            }
          >
            <Text
              style={
                {
                  "color": "#333",
                  "fontSize": 15,
                  "fontWeight": "500",
                  "marginBottom": 6,
                }
              }
            >
              Certification Date
               
              <Text
                style={
                  {
                    "color": "#cc0000",
                  }
                }
              >
                *
              </Text>
            </Text>
            <View
              accessibilityState={
                {
                  "busy": undefined,
                  "checked": undefined,
                  "disabled": undefined,
                  "expanded": undefined,
                  "selected": undefined,
                }
              }
              accessibilityValue={
                {
                  "max": undefined,
                  "min": undefined,
                  "now": undefined,
                  "text": undefined,
                }
              }
              accessible={true}
              collapsable={false}
              focusable={true}
              onClick={[Function]}
              onResponderGrant={[Function]}
              onResponderMove={[Function]}
              onResponderRelease={[Function]}
              onResponderTerminate={[Function]}
              onResponderTerminationRequest={[Function]}
              onStartShouldSetResponder={[Function]}
              style={
                {
                  "backgroundColor": "#fff",
                  "borderColor": "#ced4da",
                  "borderRadius": 4,
                  "borderWidth": 1,
                  "height": 42,
                  "justifyContent": "center",
                  "opacity": 1,
                  "paddingHorizontal": 10,
                }
              }
            >
              <Text
                style={
                  {
                    "color": "#333",
                    "fontSize": 15,
                  }
                }
              >
                Select Date
              </Text>
            </View>
          </View>
        </View>
      </View>
    </View>
  </RCTScrollView>
  <View
    style={
      {
        "backgroundColor": "#ffffff",
        "borderTopColor": "#e9ecef",
        "borderTopWidth": 1,
        "flexDirection": "row",
        "justifyContent": "space-between",
        "padding": 16,
      }
    }
  >
    <View
      accessibilityState={
        {
          "busy": undefined,
          "checked": undefined,
          "disabled": undefined,
          "expanded": undefined,
          "selected": undefined,
        }
      }
      accessibilityValue={
        {
          "max": undefined,
          "min": undefined,
          "now": undefined,
          "text": undefined,
        }
      }
      accessible={true}
      collapsable={false}
      focusable={true}
      onClick={[Function]}
      onResponderGrant={[Function]}
      onResponderMove={[Function]}
      onResponderRelease={[Function]}
      onResponderTerminate={[Function]}
      onResponderTerminationRequest={[Function]}
      onStartShouldSetResponder={[Function]}
      style={
        {
          "alignItems": "center",
          "borderColor": "#007bff",
          "borderRadius": 4,
          "borderWidth": 1,
          "flex": 1,
          "height": 48,
          "justifyContent": "center",
          "marginRight": 8,
          "opacity": 1,
        }
      }
    >
      <Text
        style={
          {
            "color": "#007bff",
            "fontSize": 16,
            "fontWeight": "600",
          }
        }
      >
        Cancel
      </Text>
    </View>
    <View
      accessibilityState={
        {
          "busy": undefined,
          "checked": undefined,
          "disabled": undefined,
          "expanded": undefined,
          "selected": undefined,
        }
      }
      accessibilityValue={
        {
          "max": undefined,
          "min": undefined,
          "now": undefined,
          "text": undefined,
        }
      }
      accessible={true}
      collapsable={false}
      focusable={true}
      onClick={[Function]}
      onResponderGrant={[Function]}
      onResponderMove={[Function]}
      onResponderRelease={[Function]}
      onResponderTerminate={[Function]}
      onResponderTerminationRequest={[Function]}
      onStartShouldSetResponder={[Function]}
      style={
        {
          "alignItems": "center",
          "backgroundColor": "#007bff",
          "borderRadius": 4,
          "flex": 1,
          "height": 48,
          "justifyContent": "center",
          "marginLeft": 8,
          "opacity": 1,
        }
      }
    >
      <Text
        style={
          {
            "color": "#ffffff",
            "fontSize": 16,
            "fontWeight": "600",
          }
        }
      >
        Save & Continue
      </Text>
    </View>
  </View>
</View>
`;
